// Jest Snapshot v1, https://goo.gl/fbAQLP

exports[`RandomUtility Class #getRandomString should reject if there is an size is out of range 1`] = `[RangeError: The value of "size" is out of range. It must be >= 0 && <= 4294967295. Received -1]`;
